// Jest Snapshot v1, https://goo.gl/fbAQLP

exports[`<Phone> Renders without exploding 1`] = `
<Provider
  store={
    Object {
      "dispatch": [Function],
      "getState": [Function],
      "replaceReducer": [Function],
      "subscribe": [Function],
      Symbol(observable): [Function],
    }
  }
>
  <Suspense
    fallback={<div />}
  >
    <MemoryRouter
      initialEntries={
        Array [
          "/",
        ]
      }
      keyLength={0}
    >
      <Router
        history={
          Object {
            "action": "POP",
            "block": [Function],
            "canGo": [Function],
            "createHref": [Function],
            "entries": Array [
              Object {
                "hash": "",
                "pathname": "/",
                "search": "",
                "state": undefined,
              },
            ],
            "go": [Function],
            "goBack": [Function],
            "goForward": [Function],
            "index": 0,
            "length": 1,
            "listen": [Function],
            "location": Object {
              "hash": "",
              "pathname": "/",
              "search": "",
              "state": undefined,
            },
            "push": [Function],
            "replace": [Function],
          }
        }
      >
        <Phone>
          <fieldset
            className="form-fieldset"
          >
            <legend
              className="form-legend"
            >
              Enter your Email Phone
            </legend>
          </fieldset>
        </Phone>
      </Router>
    </MemoryRouter>
    <div />
  </Suspense>
</Provider>
`;
