// Jest Snapshot v1, https://goo.gl/fbAQLP

exports[`<Review> Renders without exploding 1`] = `
<Provider
  store={
    Object {
      "dispatch": [Function],
      "getState": [Function],
      "replaceReducer": [Function],
      "subscribe": [Function],
      Symbol(observable): [Function],
    }
  }
>
  <Suspense
    fallback={<div />}
  >
    <MemoryRouter
      initialEntries={
        Array [
          "/",
        ]
      }
      keyLength={0}
    >
      <Router
        history={
          Object {
            "action": "POP",
            "block": [Function],
            "canGo": [Function],
            "createHref": [Function],
            "entries": Array [
              Object {
                "hash": "",
                "pathname": "/",
                "search": "",
                "state": undefined,
              },
            ],
            "go": [Function],
            "goBack": [Function],
            "goForward": [Function],
            "index": 0,
            "length": 1,
            "listen": [Function],
            "location": Object {
              "hash": "",
              "pathname": "/",
              "search": "",
              "state": undefined,
            },
            "push": [Function],
            "replace": [Function],
          }
        }
      >
        <Review>
          <fieldset
            className="form-fieldset"
          >
            <div
              className="form-legend"
            >
              Kindly review your input
            </div>
            <div
              className="form-review-container"
            >
              <div
                className="form-review-field"
                key="0"
              >
                <div
                  className="form-review-icon"
                >
                  <ForwardRef>
                    <WithStyles(ForwardRef(SvgIcon))>
                      <ForwardRef(SvgIcon)
                        classes={
                          Object {
                            "colorAction": "MuiSvgIcon-colorAction",
                            "colorDisabled": "MuiSvgIcon-colorDisabled",
                            "colorError": "MuiSvgIcon-colorError",
                            "colorPrimary": "MuiSvgIcon-colorPrimary",
                            "colorSecondary": "MuiSvgIcon-colorSecondary",
                            "fontSizeInherit": "MuiSvgIcon-fontSizeInherit",
                            "fontSizeLarge": "MuiSvgIcon-fontSizeLarge",
                            "fontSizeSmall": "MuiSvgIcon-fontSizeSmall",
                            "root": "MuiSvgIcon-root",
                          }
                        }
                      >
                        <svg
                          aria-hidden="true"
                          className="MuiSvgIcon-root"
                          focusable="false"
                          viewBox="0 0 24 24"
                        >
                          <path
                            d="M9 11.75c-.69 0-1.25.56-1.25 1.25s.56 1.25 1.25 1.25 1.25-.56 1.25-1.25-.56-1.25-1.25-1.25zm6 0c-.69 0-1.25.56-1.25 1.25s.56 1.25 1.25 1.25 1.25-.56 1.25-1.25-.56-1.25-1.25-1.25zM12 2C6.48 2 2 6.48 2 12s4.48 10 10 10 10-4.48 10-10S17.52 2 12 2zm0 18c-4.41 0-8-3.59-8-8 0-.29.02-.58.05-.86 2.36-1.05 4.23-2.98 5.21-5.37C11.07 8.33 14.05 10 17.42 10c.78 0 1.53-.09 2.25-.26.21.71.33 1.47.33 2.26 0 4.41-3.59 8-8 8z"
                          />
                        </svg>
                      </ForwardRef(SvgIcon)>
                    </WithStyles(ForwardRef(SvgIcon))>
                  </ForwardRef>
                </div>
                <div
                  className="form-review-field-content"
                >
                  <div
                    className="form-review-label"
                  >
                    First Name
                  </div>
                  <div
                    className="form-review-value"
                  />
                </div>
              </div>
              <div
                className="form-review-field"
                key="1"
              >
                <div
                  className="form-review-icon"
                >
                  <ForwardRef>
                    <WithStyles(ForwardRef(SvgIcon))>
                      <ForwardRef(SvgIcon)
                        classes={
                          Object {
                            "colorAction": "MuiSvgIcon-colorAction",
                            "colorDisabled": "MuiSvgIcon-colorDisabled",
                            "colorError": "MuiSvgIcon-colorError",
                            "colorPrimary": "MuiSvgIcon-colorPrimary",
                            "colorSecondary": "MuiSvgIcon-colorSecondary",
                            "fontSizeInherit": "MuiSvgIcon-fontSizeInherit",
                            "fontSizeLarge": "MuiSvgIcon-fontSizeLarge",
                            "fontSizeSmall": "MuiSvgIcon-fontSizeSmall",
                            "root": "MuiSvgIcon-root",
                          }
                        }
                      >
                        <svg
                          aria-hidden="true"
                          className="MuiSvgIcon-root"
                          focusable="false"
                          viewBox="0 0 24 24"
                        >
                          <path
                            d="M9 11.75c-.69 0-1.25.56-1.25 1.25s.56 1.25 1.25 1.25 1.25-.56 1.25-1.25-.56-1.25-1.25-1.25zm6 0c-.69 0-1.25.56-1.25 1.25s.56 1.25 1.25 1.25 1.25-.56 1.25-1.25-.56-1.25-1.25-1.25zM12 2C6.48 2 2 6.48 2 12s4.48 10 10 10 10-4.48 10-10S17.52 2 12 2zm0 18c-4.41 0-8-3.59-8-8 0-.29.02-.58.05-.86 2.36-1.05 4.23-2.98 5.21-5.37C11.07 8.33 14.05 10 17.42 10c.78 0 1.53-.09 2.25-.26.21.71.33 1.47.33 2.26 0 4.41-3.59 8-8 8z"
                          />
                        </svg>
                      </ForwardRef(SvgIcon)>
                    </WithStyles(ForwardRef(SvgIcon))>
                  </ForwardRef>
                </div>
                <div
                  className="form-review-field-content"
                >
                  <div
                    className="form-review-label"
                  >
                    Last Name
                  </div>
                  <div
                    className="form-review-value"
                  />
                </div>
              </div>
              <div
                className="form-review-field"
                key="2"
              >
                <div
                  className="form-review-icon"
                >
                  <ForwardRef>
                    <WithStyles(ForwardRef(SvgIcon))>
                      <ForwardRef(SvgIcon)
                        classes={
                          Object {
                            "colorAction": "MuiSvgIcon-colorAction",
                            "colorDisabled": "MuiSvgIcon-colorDisabled",
                            "colorError": "MuiSvgIcon-colorError",
                            "colorPrimary": "MuiSvgIcon-colorPrimary",
                            "colorSecondary": "MuiSvgIcon-colorSecondary",
                            "fontSizeInherit": "MuiSvgIcon-fontSizeInherit",
                            "fontSizeLarge": "MuiSvgIcon-fontSizeLarge",
                            "fontSizeSmall": "MuiSvgIcon-fontSizeSmall",
                            "root": "MuiSvgIcon-root",
                          }
                        }
                      >
                        <svg
                          aria-hidden="true"
                          className="MuiSvgIcon-root"
                          focusable="false"
                          viewBox="0 0 24 24"
                        >
                          <path
                            d="M20 4H4c-1.1 0-1.99.9-1.99 2L2 18c0 1.1.9 2 2 2h16c1.1 0 2-.9 2-2V6c0-1.1-.9-2-2-2zm0 4l-8 5-8-5V6l8 5 8-5v2z"
                          />
                        </svg>
                      </ForwardRef(SvgIcon)>
                    </WithStyles(ForwardRef(SvgIcon))>
                  </ForwardRef>
                </div>
                <div
                  className="form-review-field-content"
                >
                  <div
                    className="form-review-label"
                  >
                    Email
                  </div>
                  <div
                    className="form-review-value"
                  />
                </div>
              </div>
              <div
                className="form-review-field"
                key="3"
              >
                <div
                  className="form-review-icon"
                >
                  <ForwardRef>
                    <WithStyles(ForwardRef(SvgIcon))>
                      <ForwardRef(SvgIcon)
                        classes={
                          Object {
                            "colorAction": "MuiSvgIcon-colorAction",
                            "colorDisabled": "MuiSvgIcon-colorDisabled",
                            "colorError": "MuiSvgIcon-colorError",
                            "colorPrimary": "MuiSvgIcon-colorPrimary",
                            "colorSecondary": "MuiSvgIcon-colorSecondary",
                            "fontSizeInherit": "MuiSvgIcon-fontSizeInherit",
                            "fontSizeLarge": "MuiSvgIcon-fontSizeLarge",
                            "fontSizeSmall": "MuiSvgIcon-fontSizeSmall",
                            "root": "MuiSvgIcon-root",
                          }
                        }
                      >
                        <svg
                          aria-hidden="true"
                          className="MuiSvgIcon-root"
                          focusable="false"
                          viewBox="0 0 24 24"
                        >
                          <path
                            d="M20.01 15.38c-1.23 0-2.42-.2-3.53-.56-.35-.12-.74-.03-1.01.24l-1.57 1.97c-2.83-1.35-5.48-3.9-6.89-6.83l1.95-1.66c.27-.28.35-.67.24-1.02-.37-1.11-.56-2.3-.56-3.53 0-.54-.45-.99-.99-.99H4.19C3.65 3 3 3.24 3 3.99 3 13.28 10.73 21 20.01 21c.71 0 .99-.63.99-1.18v-3.45c0-.54-.45-.99-.99-.99z"
                          />
                        </svg>
                      </ForwardRef(SvgIcon)>
                    </WithStyles(ForwardRef(SvgIcon))>
                  </ForwardRef>
                </div>
                <div
                  className="form-review-field-content"
                >
                  <div
                    className="form-review-label"
                  >
                    Phone
                  </div>
                  <div
                    className="form-review-value"
                  />
                </div>
              </div>
              <div
                className="form-review-field"
                key="4"
              >
                <div
                  className="form-review-icon"
                >
                  <ForwardRef>
                    <WithStyles(ForwardRef(SvgIcon))>
                      <ForwardRef(SvgIcon)
                        classes={
                          Object {
                            "colorAction": "MuiSvgIcon-colorAction",
                            "colorDisabled": "MuiSvgIcon-colorDisabled",
                            "colorError": "MuiSvgIcon-colorError",
                            "colorPrimary": "MuiSvgIcon-colorPrimary",
                            "colorSecondary": "MuiSvgIcon-colorSecondary",
                            "fontSizeInherit": "MuiSvgIcon-fontSizeInherit",
                            "fontSizeLarge": "MuiSvgIcon-fontSizeLarge",
                            "fontSizeSmall": "MuiSvgIcon-fontSizeSmall",
                            "root": "MuiSvgIcon-root",
                          }
                        }
                      >
                        <svg
                          aria-hidden="true"
                          className="MuiSvgIcon-root"
                          focusable="false"
                          viewBox="0 0 24 24"
                        >
                          <path
                            d="M5 8h2v8H5zm7 0H9c-.55 0-1 .45-1 1v6c0 .55.45 1 1 1h3c.55 0 1-.45 1-1V9c0-.55-.45-1-1-1zm-1 6h-1v-4h1v4zm7-6h-3c-.55 0-1 .45-1 1v6c0 .55.45 1 1 1h3c.55 0 1-.45 1-1V9c0-.55-.45-1-1-1zm-1 6h-1v-4h1v4z"
                          />
                          <path
                            d="M2 4v16h20V4H2zm2 14V6h16v12H4z"
                          />
                        </svg>
                      </ForwardRef(SvgIcon)>
                    </WithStyles(ForwardRef(SvgIcon))>
                  </ForwardRef>
                </div>
                <div
                  className="form-review-field-content"
                >
                  <div
                    className="form-review-label"
                  >
                    Salary
                  </div>
                  <div
                    className="form-review-value"
                  />
                </div>
              </div>
            </div>
          </fieldset>
        </Review>
      </Router>
    </MemoryRouter>
    <div />
  </Suspense>
</Provider>
`;
