// Jest Snapshot v1, https://goo.gl/fbAQLP

exports[`<App> Default routes to be navigated to first step of the form 1`] = `ShallowWrapper {}`;
